---
source: spargen/tests/diff.rs
expression: "fingerprint(report).join(\"\\n\")"
---
major|error-type-changed|GET /pets|error type `Error{404:String, 409:i64}` -> `Error{404:String, 409:String}`
minor|api-error-body-added|GET /pets|error type now implements `ApiErrorBody` (`Body = String`)
bump=major
